{
  "TargetAPK": {
    "Name": "openjdk-21",
    "Version": "21.0.3-r3",
    "OriginPackageName": "openjdk-21",
    "Arch": "aarch64"
  },
  "Findings": [
    {
      "Package": {
        "ID": "376b242bb2b257bb",
        "Name": "openjdk-21",
        "Version": "21.0.3-r3",
        "Type": "apk",
        "Location": "/.PKGINFO",
        "PURL": "pkg:apk/wolfi/openjdk-21@21.0.3-r3?arch=aarch64\u0026origin=openjdk-21"
      },
      "Vulnerability": {
        "ID": "CVE-2024-21131",
        "Severity": "Low",
        "Aliases": null,
        "FixedVersion": "21.0.4-r0"
      }
    },
    {
      "Package": {
        "ID": "376b242bb2b257bb",
        "Name": "openjdk-21",
        "Version": "21.0.3-r3",
        "Type": "apk",
        "Location": "/.PKGINFO",
        "PURL": "pkg:apk/wolfi/openjdk-21@21.0.3-r3?arch=aarch64\u0026origin=openjdk-21"
      },
      "Vulnerability": {
        "ID": "CVE-2024-21138",
        "Severity": "Low",
        "Aliases": null,
        "FixedVersion": "21.0.4-r0"
      }
    },
    {
      "Package": {
        "ID": "376b242bb2b257bb",
        "Name": "openjdk-21",
        "Version": "21.0.3-r3",
        "Type": "apk",
        "Location": "/.PKGINFO",
        "PURL": "pkg:apk/wolfi/openjdk-21@21.0.3-r3?arch=aarch64\u0026origin=openjdk-21"
      },
      "Vulnerability": {
        "ID": "CVE-2024-21140",
        "Severity": "Medium",
        "Aliases": null,
        "FixedVersion": "21.0.4-r0"
      }
    },
    {
      "Package": {
        "ID": "376b242bb2b257bb",
        "Name": "openjdk-21",
        "Version": "21.0.3-r3",
        "Type": "apk",
        "Location": "/.PKGINFO",
        "PURL": "pkg:apk/wolfi/openjdk-21@21.0.3-r3?arch=aarch64\u0026origin=openjdk-21"
      },
      "Vulnerability": {
        "ID": "CVE-2024-21145",
        "Severity": "Medium",
        "Aliases": null,
        "FixedVersion": "21.0.4-r0"
      }
    },
    {
      "Package": {
        "ID": "376b242bb2b257bb",
        "Name": "openjdk-21",
        "Version": "21.0.3-r3",
        "Type": "apk",
        "Location": "/.PKGINFO",
        "PURL": "pkg:apk/wolfi/openjdk-21@21.0.3-r3?arch=aarch64\u0026origin=openjdk-21"
      },
      "Vulnerability": {
        "ID": "CVE-2024-21147",
        "Severity": "High",
        "Aliases": null,
        "FixedVersion": "21.0.4-r0"
      }
    },
    {
      "Package": {
        "ID": "376b242bb2b257bb",
        "Name": "openjdk-21",
        "Version": "21.0.3-r3",
        "Type": "apk",
        "Location": "/.PKGINFO",
        "PURL": "pkg:apk/wolfi/openjdk-21@21.0.3-r3?arch=aarch64\u0026origin=openjdk-21"
      },
      "Vulnerability": {
        "ID": "CVE-2024-21208",
        "Severity": "Low",
        "Aliases": null,
        "FixedVersion": ""
      }
    },
    {
      "Package": {
        "ID": "376b242bb2b257bb",
        "Name": "openjdk-21",
        "Version": "21.0.3-r3",
        "Type": "apk",
        "Location": "/.PKGINFO",
        "PURL": "pkg:apk/wolfi/openjdk-21@21.0.3-r3?arch=aarch64\u0026origin=openjdk-21"
      },
      "Vulnerability": {
        "ID": "CVE-2024-21210",
        "Severity": "Low",
        "Aliases": null,
        "FixedVersion": ""
      }
    },
    {
      "Package": {
        "ID": "376b242bb2b257bb",
        "Name": "openjdk-21",
        "Version": "21.0.3-r3",
        "Type": "apk",
        "Location": "/.PKGINFO",
        "PURL": "pkg:apk/wolfi/openjdk-21@21.0.3-r3?arch=aarch64\u0026origin=openjdk-21"
      },
      "Vulnerability": {
        "ID": "CVE-2024-21217",
        "Severity": "Low",
        "Aliases": null,
        "FixedVersion": ""
      }
    },
    {
      "Package": {
        "ID": "376b242bb2b257bb",
        "Name": "openjdk-21",
        "Version": "21.0.3-r3",
        "Type": "apk",
        "Location": "/.PKGINFO",
        "PURL": "pkg:apk/wolfi/openjdk-21@21.0.3-r3?arch=aarch64\u0026origin=openjdk-21"
      },
      "Vulnerability": {
        "ID": "CVE-2024-21235",
        "Severity": "Medium",
        "Aliases": null,
        "FixedVersion": ""
      }
    },
    {
      "Package": {
        "ID": "376b242bb2b257bb",
        "Name": "openjdk-21",
        "Version": "21.0.3-r3",
        "Type": "apk",
        "Location": "/.PKGINFO",
        "PURL": "pkg:apk/wolfi/openjdk-21@21.0.3-r3?arch=aarch64\u0026origin=openjdk-21"
      },
      "Vulnerability": {
        "ID": "CVE-2025-21502",
        "Severity": "Medium",
        "Aliases": null,
        "FixedVersion": "21.0.6-r0"
      }
    },
    {
      "Package": {
        "ID": "376b242bb2b257bb",
        "Name": "openjdk-21",
        "Version": "21.0.3-r3",
        "Type": "apk",
        "Location": "/.PKGINFO",
        "PURL": "pkg:apk/wolfi/openjdk-21@21.0.3-r3?arch=aarch64\u0026origin=openjdk-21"
      },
      "Vulnerability": {
        "ID": "GHSA-46mv-5cpj-wjxv",
        "Severity": "Unknown",
        "Aliases": null,
        "FixedVersion": "21.0.6-r0"
      }
    },
    {
      "Package": {
        "ID": "376b242bb2b257bb",
        "Name": "openjdk-21",
        "Version": "21.0.3-r3",
        "Type": "apk",
        "Location": "/.PKGINFO",
        "PURL": "pkg:apk/wolfi/openjdk-21@21.0.3-r3?arch=aarch64\u0026origin=openjdk-21"
      },
      "Vulnerability": {
        "ID": "GHSA-4mqw-v4pq-hg97",
        "Severity": "Unknown",
        "Aliases": null,
        "FixedVersion": "21.0.4-r0"
      }
    },
    {
      "Package": {
        "ID": "376b242bb2b257bb",
        "Name": "openjdk-21",
        "Version": "21.0.3-r3",
        "Type": "apk",
        "Location": "/.PKGINFO",
        "PURL": "pkg:apk/wolfi/openjdk-21@21.0.3-r3?arch=aarch64\u0026origin=openjdk-21"
      },
      "Vulnerability": {
        "ID": "GHSA-4rqr-f9qq-h7w3",
        "Severity": "Unknown",
        "Aliases": null,
        "FixedVersion": "21.0.4-r0"
      }
    },
    {
      "Package": {
        "ID": "376b242bb2b257bb",
        "Name": "openjdk-21",
        "Version": "21.0.3-r3",
        "Type": "apk",
        "Location": "/.PKGINFO",
        "PURL": "pkg:apk/wolfi/openjdk-21@21.0.3-r3?arch=aarch64\u0026origin=openjdk-21"
      },
      "Vulnerability": {
        "ID": "GHSA-7prq-r42m-wfcx",
        "Severity": "Unknown",
        "Aliases": null,
        "FixedVersion": "21.0.4-r0"
      }
    },
    {
      "Package": {
        "ID": "376b242bb2b257bb",
        "Name": "openjdk-21",
        "Version": "21.0.3-r3",
        "Type": "apk",
        "Location": "/.PKGINFO",
        "PURL": "pkg:apk/wolfi/openjdk-21@21.0.3-r3?arch=aarch64\u0026origin=openjdk-21"
      },
      "Vulnerability": {
        "ID": "GHSA-hw83-24q6-v392",
        "Severity": "Unknown",
        "Aliases": null,
        "FixedVersion": "21.0.4-r0"
      }
    },
    {
      "Package": {
        "ID": "376b242bb2b257bb",
        "Name": "openjdk-21",
        "Version": "21.0.3-r3",
        "Type": "apk",
        "Location": "/.PKGINFO",
        "PURL": "pkg:apk/wolfi/openjdk-21@21.0.3-r3?arch=aarch64\u0026origin=openjdk-21"
      },
      "Vulnerability": {
        "ID": "GHSA-v5pp-g8vf-3fxg",
        "Severity": "Unknown",
        "Aliases": null,
        "FixedVersion": "21.0.4-r0"
      }
    }
  ],
  "DataSource": {
    "Kind": "grype-db",
    "Schema": "v6.0.2",
    "Integrity": "imported_db_archive_checksum=sha256:cb212d2776d099cb8635d5d238fcb3894ea81c0285b27911585c7556fbcb412f",
    "Date": "2025-03-06T04:06:38Z"
  }
}
