{
  "TargetAPK": {
    "Name": "php-odbc",
    "Version": "8.2.11-r1",
    "OriginPackageName": "php-8.2"
  },
  "Findings": [
    {
      "Package": {
        "ID": "9add13c2af1d9959",
        "Name": "php-odbc",
        "Version": "8.2.11-r1",
        "Type": "apk",
        "Location": "/.PKGINFO",
        "PURL": "pkg:apk/wolfi/php-odbc@8.2.11-r1?arch=aarch64\u0026origin=php-8.2"
      },
      "Vulnerability": {
        "ID": "CVE-2024-11233",
        "Severity": "High",
        "Aliases": null,
        "FixedVersion": "8.2.26-r0"
      }
    },
    {
      "Package": {
        "ID": "9add13c2af1d9959",
        "Name": "php-odbc",
        "Version": "8.2.11-r1",
        "Type": "apk",
        "Location": "/.PKGINFO",
        "PURL": "pkg:apk/wolfi/php-odbc@8.2.11-r1?arch=aarch64\u0026origin=php-8.2"
      },
      "Vulnerability": {
        "ID": "CVE-2024-11234",
        "Severity": "High",
        "Aliases": null,
        "FixedVersion": "8.2.26-r0"
      }
    },
    {
      "Package": {
        "ID": "9add13c2af1d9959",
        "Name": "php-odbc",
        "Version": "8.2.11-r1",
        "Type": "apk",
        "Location": "/.PKGINFO",
        "PURL": "pkg:apk/wolfi/php-odbc@8.2.11-r1?arch=aarch64\u0026origin=php-8.2"
      },
      "Vulnerability": {
        "ID": "CVE-2024-11236",
        "Severity": "Critical",
        "Aliases": null,
        "FixedVersion": "8.2.26-r0"
      }
    },
    {
      "Package": {
        "ID": "9add13c2af1d9959",
        "Name": "php-odbc",
        "Version": "8.2.11-r1",
        "Type": "apk",
        "Location": "/.PKGINFO",
        "PURL": "pkg:apk/wolfi/php-odbc@8.2.11-r1?arch=aarch64\u0026origin=php-8.2"
      },
      "Vulnerability": {
        "ID": "CVE-2024-2408",
        "Severity": "Medium",
        "Aliases": null,
        "FixedVersion": "8.2.20-r0"
      }
    },
    {
      "Package": {
        "ID": "9add13c2af1d9959",
        "Name": "php-odbc",
        "Version": "8.2.11-r1",
        "Type": "apk",
        "Location": "/.PKGINFO",
        "PURL": "pkg:apk/wolfi/php-odbc@8.2.11-r1?arch=aarch64\u0026origin=php-8.2"
      },
      "Vulnerability": {
        "ID": "CVE-2024-4577",
        "Severity": "Critical",
        "Aliases": null,
        "FixedVersion": "8.2.20-r0"
      }
    },
    {
      "Package": {
        "ID": "9add13c2af1d9959",
        "Name": "php-odbc",
        "Version": "8.2.11-r1",
        "Type": "apk",
        "Location": "/.PKGINFO",
        "PURL": "pkg:apk/wolfi/php-odbc@8.2.11-r1?arch=aarch64\u0026origin=php-8.2"
      },
      "Vulnerability": {
        "ID": "CVE-2024-5458",
        "Severity": "Medium",
        "Aliases": null,
        "FixedVersion": "8.2.20-r0"
      }
    },
    {
      "Package": {
        "ID": "9add13c2af1d9959",
        "Name": "php-odbc",
        "Version": "8.2.11-r1",
        "Type": "apk",
        "Location": "/.PKGINFO",
        "PURL": "pkg:apk/wolfi/php-odbc@8.2.11-r1?arch=aarch64\u0026origin=php-8.2"
      },
      "Vulnerability": {
        "ID": "CVE-2024-5585",
        "Severity": "High",
        "Aliases": null,
        "FixedVersion": "8.2.20-r0"
      }
    },
    {
      "Package": {
        "ID": "9add13c2af1d9959",
        "Name": "php-odbc",
        "Version": "8.2.11-r1",
        "Type": "apk",
        "Location": "/.PKGINFO",
        "PURL": "pkg:apk/wolfi/php-odbc@8.2.11-r1?arch=aarch64\u0026origin=php-8.2"
      },
      "Vulnerability": {
        "ID": "CVE-2024-8932",
        "Severity": "Critical",
        "Aliases": null,
        "FixedVersion": "8.2.26-r0"
      }
    },
    {
      "Package": {
        "ID": "9add13c2af1d9959",
        "Name": "php-odbc",
        "Version": "8.2.11-r1",
        "Type": "apk",
        "Location": "/.PKGINFO",
        "PURL": "pkg:apk/wolfi/php-odbc@8.2.11-r1?arch=aarch64\u0026origin=php-8.2"
      },
      "Vulnerability": {
        "ID": "GHSA-vxpp-6299-mxw3",
        "Severity": "Unknown",
        "Aliases": null,
        "FixedVersion": "8.2.20-r0"
      }
    }
  ],
  "DataSource": {
    "Schema": "v6.0.2",
    "Integrity": "imported_db_archive_checksum=sha256:cb212d2776d099cb8635d5d238fcb3894ea81c0285b27911585c7556fbcb412f",
    "Date": "2025-03-06T04:06:38Z"
  }
}
