{
  "TargetAPK": {
    "Name": "powershell",
    "Version": "7.4.1-r0",
    "OriginPackageName": "powershell"
  },
  "Findings": null,
  "DataSource": {
    "Schema": "v6.0.2",
    "Integrity": "imported_db_archive_checksum=sha256:cb212d2776d099cb8635d5d238fcb3894ea81c0285b27911585c7556fbcb412f",
    "Date": "2025-03-06T04:06:38Z"
  }
}
