{
  "TargetAPK": {
    "Name": "openssl",
    "Version": "3.3.0-r8",
    "OriginPackageName": "openssl"
  },
  "Findings": [
    {
      "Package": {
        "ID": "964e43e56ffb8d12",
        "Name": "openssl",
        "Version": "3.3.0-r8",
        "Type": "apk",
        "Location": "/.PKGINFO",
        "PURL": "pkg:apk/wolfi/openssl@3.3.0-r8?arch=x86_64\u0026origin=openssl"
      },
      "Vulnerability": {
        "ID": "CVE-2024-12797",
        "Severity": "Medium",
        "Aliases": null,
        "FixedVersion": "3.4.1-r0"
      }
    },
    {
      "Package": {
        "ID": "964e43e56ffb8d12",
        "Name": "openssl",
        "Version": "3.3.0-r8",
        "Type": "apk",
        "Location": "/.PKGINFO",
        "PURL": "pkg:apk/wolfi/openssl@3.3.0-r8?arch=x86_64\u0026origin=openssl"
      },
      "Vulnerability": {
        "ID": "CVE-2024-13176",
        "Severity": "Medium",
        "Aliases": null,
        "FixedVersion": "3.4.0-r6"
      }
    },
    {
      "Package": {
        "ID": "964e43e56ffb8d12",
        "Name": "openssl",
        "Version": "3.3.0-r8",
        "Type": "apk",
        "Location": "/.PKGINFO",
        "PURL": "pkg:apk/wolfi/openssl@3.3.0-r8?arch=x86_64\u0026origin=openssl"
      },
      "Vulnerability": {
        "ID": "CVE-2024-4741",
        "Severity": "High",
        "Aliases": null,
        "FixedVersion": ""
      }
    },
    {
      "Package": {
        "ID": "964e43e56ffb8d12",
        "Name": "openssl",
        "Version": "3.3.0-r8",
        "Type": "apk",
        "Location": "/.PKGINFO",
        "PURL": "pkg:apk/wolfi/openssl@3.3.0-r8?arch=x86_64\u0026origin=openssl"
      },
      "Vulnerability": {
        "ID": "CVE-2024-5535",
        "Severity": "Critical",
        "Aliases": null,
        "FixedVersion": "3.3.1-r3"
      }
    },
    {
      "Package": {
        "ID": "964e43e56ffb8d12",
        "Name": "openssl",
        "Version": "3.3.0-r8",
        "Type": "apk",
        "Location": "/.PKGINFO",
        "PURL": "pkg:apk/wolfi/openssl@3.3.0-r8?arch=x86_64\u0026origin=openssl"
      },
      "Vulnerability": {
        "ID": "CVE-2024-6119",
        "Severity": "High",
        "Aliases": null,
        "FixedVersion": "3.3.2-r0"
      }
    },
    {
      "Package": {
        "ID": "964e43e56ffb8d12",
        "Name": "openssl",
        "Version": "3.3.0-r8",
        "Type": "apk",
        "Location": "/.PKGINFO",
        "PURL": "pkg:apk/wolfi/openssl@3.3.0-r8?arch=x86_64\u0026origin=openssl"
      },
      "Vulnerability": {
        "ID": "CVE-2024-9143",
        "Severity": "Medium",
        "Aliases": null,
        "FixedVersion": "3.3.2-r2"
      }
    },
    {
      "Package": {
        "ID": "964e43e56ffb8d12",
        "Name": "openssl",
        "Version": "3.3.0-r8",
        "Type": "apk",
        "Location": "/.PKGINFO",
        "PURL": "pkg:apk/wolfi/openssl@3.3.0-r8?arch=x86_64\u0026origin=openssl"
      },
      "Vulnerability": {
        "ID": "GHSA-4fc7-mvrr-wv2c",
        "Severity": "Unknown",
        "Aliases": null,
        "FixedVersion": "3.3.1-r3"
      }
    },
    {
      "Package": {
        "ID": "964e43e56ffb8d12",
        "Name": "openssl",
        "Version": "3.3.0-r8",
        "Type": "apk",
        "Location": "/.PKGINFO",
        "PURL": "pkg:apk/wolfi/openssl@3.3.0-r8?arch=x86_64\u0026origin=openssl"
      },
      "Vulnerability": {
        "ID": "GHSA-7m4m-pwhv-49c5",
        "Severity": "Unknown",
        "Aliases": null,
        "FixedVersion": "3.3.2-r0"
      }
    },
    {
      "Package": {
        "ID": "964e43e56ffb8d12",
        "Name": "openssl",
        "Version": "3.3.0-r8",
        "Type": "apk",
        "Location": "/.PKGINFO",
        "PURL": "pkg:apk/wolfi/openssl@3.3.0-r8?arch=x86_64\u0026origin=openssl"
      },
      "Vulnerability": {
        "ID": "GHSA-q764-r57m-9wp9",
        "Severity": "Unknown",
        "Aliases": null,
        "FixedVersion": "3.3.2-r2"
      }
    },
    {
      "Package": {
        "ID": "964e43e56ffb8d12",
        "Name": "openssl",
        "Version": "3.3.0-r8",
        "Type": "apk",
        "Location": "/.PKGINFO",
        "PURL": "pkg:apk/wolfi/openssl@3.3.0-r8?arch=x86_64\u0026origin=openssl"
      },
      "Vulnerability": {
        "ID": "GHSA-r9fv-h47r-823f",
        "Severity": "Unknown",
        "Aliases": null,
        "FixedVersion": "3.4.0-r6"
      }
    }
  ],
  "GrypeDBStatus": {
    "schemaVersion": "v6.0.2",
    "from": "manual import",
    "built": "2025-03-06T04:06:38Z",
    "path": "testdata/grypedb/6/vulnerability.db",
    "valid": true
  }
}
