{
  "TargetAPK": {
    "Name": "openssl",
    "Version": "3.3.0-r0",
    "OriginPackageName": "openssl",
    "Arch": "x86_64"
  },
  "Findings": [
    {
      "Package": {
        "ID": "46eb42d22ed3de9a",
        "Name": "openssl",
        "Version": "3.3.0-r0",
        "Type": "apk",
        "Location": "/.PKGINFO",
        "PURL": "pkg:apk/wolfi/openssl@3.3.0-r0?arch=x86_64\u0026origin=openssl"
      },
      "Vulnerability": {
        "ID": "CVE-2023-6237",
        "Severity": "Medium",
        "Aliases": null,
        "FixedVersion": "3.3.0-r5"
      }
    },
    {
      "Package": {
        "ID": "46eb42d22ed3de9a",
        "Name": "openssl",
        "Version": "3.3.0-r0",
        "Type": "apk",
        "Location": "/.PKGINFO",
        "PURL": "pkg:apk/wolfi/openssl@3.3.0-r0?arch=x86_64\u0026origin=openssl"
      },
      "Vulnerability": {
        "ID": "CVE-2024-12797",
        "Severity": "Medium",
        "Aliases": null,
        "FixedVersion": "3.4.1-r0"
      }
    },
    {
      "Package": {
        "ID": "46eb42d22ed3de9a",
        "Name": "openssl",
        "Version": "3.3.0-r0",
        "Type": "apk",
        "Location": "/.PKGINFO",
        "PURL": "pkg:apk/wolfi/openssl@3.3.0-r0?arch=x86_64\u0026origin=openssl"
      },
      "Vulnerability": {
        "ID": "CVE-2024-13176",
        "Severity": "Medium",
        "Aliases": null,
        "FixedVersion": "3.4.0-r6"
      }
    },
    {
      "Package": {
        "ID": "46eb42d22ed3de9a",
        "Name": "openssl",
        "Version": "3.3.0-r0",
        "Type": "apk",
        "Location": "/.PKGINFO",
        "PURL": "pkg:apk/wolfi/openssl@3.3.0-r0?arch=x86_64\u0026origin=openssl"
      },
      "Vulnerability": {
        "ID": "CVE-2024-2511",
        "Severity": "Unknown",
        "Aliases": null,
        "FixedVersion": "3.3.0-r5"
      }
    },
    {
      "Package": {
        "ID": "46eb42d22ed3de9a",
        "Name": "openssl",
        "Version": "3.3.0-r0",
        "Type": "apk",
        "Location": "/.PKGINFO",
        "PURL": "pkg:apk/wolfi/openssl@3.3.0-r0?arch=x86_64\u0026origin=openssl"
      },
      "Vulnerability": {
        "ID": "CVE-2024-4603",
        "Severity": "Medium",
        "Aliases": null,
        "FixedVersion": "3.3.0-r8"
      }
    },
    {
      "Package": {
        "ID": "46eb42d22ed3de9a",
        "Name": "openssl",
        "Version": "3.3.0-r0",
        "Type": "apk",
        "Location": "/.PKGINFO",
        "PURL": "pkg:apk/wolfi/openssl@3.3.0-r0?arch=x86_64\u0026origin=openssl"
      },
      "Vulnerability": {
        "ID": "CVE-2024-4741",
        "Severity": "High",
        "Aliases": null,
        "FixedVersion": ""
      }
    },
    {
      "Package": {
        "ID": "46eb42d22ed3de9a",
        "Name": "openssl",
        "Version": "3.3.0-r0",
        "Type": "apk",
        "Location": "/.PKGINFO",
        "PURL": "pkg:apk/wolfi/openssl@3.3.0-r0?arch=x86_64\u0026origin=openssl"
      },
      "Vulnerability": {
        "ID": "CVE-2024-5535",
        "Severity": "Critical",
        "Aliases": null,
        "FixedVersion": "3.3.1-r3"
      }
    },
    {
      "Package": {
        "ID": "46eb42d22ed3de9a",
        "Name": "openssl",
        "Version": "3.3.0-r0",
        "Type": "apk",
        "Location": "/.PKGINFO",
        "PURL": "pkg:apk/wolfi/openssl@3.3.0-r0?arch=x86_64\u0026origin=openssl"
      },
      "Vulnerability": {
        "ID": "CVE-2024-6119",
        "Severity": "High",
        "Aliases": null,
        "FixedVersion": "3.3.2-r0"
      }
    },
    {
      "Package": {
        "ID": "46eb42d22ed3de9a",
        "Name": "openssl",
        "Version": "3.3.0-r0",
        "Type": "apk",
        "Location": "/.PKGINFO",
        "PURL": "pkg:apk/wolfi/openssl@3.3.0-r0?arch=x86_64\u0026origin=openssl"
      },
      "Vulnerability": {
        "ID": "CVE-2024-9143",
        "Severity": "Medium",
        "Aliases": null,
        "FixedVersion": "3.3.2-r2"
      }
    },
    {
      "Package": {
        "ID": "46eb42d22ed3de9a",
        "Name": "openssl",
        "Version": "3.3.0-r0",
        "Type": "apk",
        "Location": "/.PKGINFO",
        "PURL": "pkg:apk/wolfi/openssl@3.3.0-r0?arch=x86_64\u0026origin=openssl"
      },
      "Vulnerability": {
        "ID": "GHSA-299c-jvhc-gxj8",
        "Severity": "Unknown",
        "Aliases": null,
        "FixedVersion": "3.3.0-r5"
      }
    },
    {
      "Package": {
        "ID": "46eb42d22ed3de9a",
        "Name": "openssl",
        "Version": "3.3.0-r0",
        "Type": "apk",
        "Location": "/.PKGINFO",
        "PURL": "pkg:apk/wolfi/openssl@3.3.0-r0?arch=x86_64\u0026origin=openssl"
      },
      "Vulnerability": {
        "ID": "GHSA-4fc7-mvrr-wv2c",
        "Severity": "Unknown",
        "Aliases": null,
        "FixedVersion": "3.3.1-r3"
      }
    },
    {
      "Package": {
        "ID": "46eb42d22ed3de9a",
        "Name": "openssl",
        "Version": "3.3.0-r0",
        "Type": "apk",
        "Location": "/.PKGINFO",
        "PURL": "pkg:apk/wolfi/openssl@3.3.0-r0?arch=x86_64\u0026origin=openssl"
      },
      "Vulnerability": {
        "ID": "GHSA-7m4m-pwhv-49c5",
        "Severity": "Unknown",
        "Aliases": null,
        "FixedVersion": "3.3.2-r0"
      }
    },
    {
      "Package": {
        "ID": "46eb42d22ed3de9a",
        "Name": "openssl",
        "Version": "3.3.0-r0",
        "Type": "apk",
        "Location": "/.PKGINFO",
        "PURL": "pkg:apk/wolfi/openssl@3.3.0-r0?arch=x86_64\u0026origin=openssl"
      },
      "Vulnerability": {
        "ID": "GHSA-85xr-ghj6-6m46",
        "Severity": "Unknown",
        "Aliases": null,
        "FixedVersion": "3.3.0-r8"
      }
    },
    {
      "Package": {
        "ID": "46eb42d22ed3de9a",
        "Name": "openssl",
        "Version": "3.3.0-r0",
        "Type": "apk",
        "Location": "/.PKGINFO",
        "PURL": "pkg:apk/wolfi/openssl@3.3.0-r0?arch=x86_64\u0026origin=openssl"
      },
      "Vulnerability": {
        "ID": "GHSA-hvc4-mjv4-5mw6",
        "Severity": "Unknown",
        "Aliases": null,
        "FixedVersion": "3.3.0-r5"
      }
    },
    {
      "Package": {
        "ID": "46eb42d22ed3de9a",
        "Name": "openssl",
        "Version": "3.3.0-r0",
        "Type": "apk",
        "Location": "/.PKGINFO",
        "PURL": "pkg:apk/wolfi/openssl@3.3.0-r0?arch=x86_64\u0026origin=openssl"
      },
      "Vulnerability": {
        "ID": "GHSA-q764-r57m-9wp9",
        "Severity": "Unknown",
        "Aliases": null,
        "FixedVersion": "3.3.2-r2"
      }
    },
    {
      "Package": {
        "ID": "46eb42d22ed3de9a",
        "Name": "openssl",
        "Version": "3.3.0-r0",
        "Type": "apk",
        "Location": "/.PKGINFO",
        "PURL": "pkg:apk/wolfi/openssl@3.3.0-r0?arch=x86_64\u0026origin=openssl"
      },
      "Vulnerability": {
        "ID": "GHSA-r9fv-h47r-823f",
        "Severity": "Unknown",
        "Aliases": null,
        "FixedVersion": "3.4.0-r6"
      }
    }
  ],
  "DataSource": {
    "Kind": "grype-db",
    "Schema": "v6.0.2",
    "Integrity": "imported_db_archive_checksum=sha256:cb212d2776d099cb8635d5d238fcb3894ea81c0285b27911585c7556fbcb412f",
    "Date": "2025-03-06T04:06:38Z"
  }
}
