{
  "TargetAPK": {
    "Name": "openjdk-10-jre",
    "Version": "10.0.2-r0",
    "OriginPackageName": "openjdk-10"
  },
  "Findings": [
    {
      "Package": {
        "ID": "285ea06abc1745e4",
        "Name": "openjdk-10-jre",
        "Version": "10.0.2-r0",
        "Type": "apk",
        "Location": "/.PKGINFO",
        "PURL": "pkg:apk/wolfi/openjdk-10-jre@10.0.2-r0?arch=x86_64\u0026origin=openjdk-10"
      },
      "Vulnerability": {
        "ID": "CVE-2019-7317",
        "Severity": "Medium",
        "Aliases": null,
        "FixedVersion": ""
      }
    },
    {
      "Package": {
        "ID": "285ea06abc1745e4",
        "Name": "openjdk-10-jre",
        "Version": "10.0.2-r0",
        "Type": "apk",
        "Location": "/.PKGINFO",
        "PURL": "pkg:apk/wolfi/openjdk-10-jre@10.0.2-r0?arch=x86_64\u0026origin=openjdk-10"
      },
      "Vulnerability": {
        "ID": "CVE-2023-21830",
        "Severity": "Medium",
        "Aliases": null,
        "FixedVersion": ""
      }
    },
    {
      "Package": {
        "ID": "285ea06abc1745e4",
        "Name": "openjdk-10-jre",
        "Version": "10.0.2-r0",
        "Type": "apk",
        "Location": "/.PKGINFO",
        "PURL": "pkg:apk/wolfi/openjdk-10-jre@10.0.2-r0?arch=x86_64\u0026origin=openjdk-10"
      },
      "Vulnerability": {
        "ID": "CVE-2023-21835",
        "Severity": "Medium",
        "Aliases": null,
        "FixedVersion": ""
      }
    },
    {
      "Package": {
        "ID": "285ea06abc1745e4",
        "Name": "openjdk-10-jre",
        "Version": "10.0.2-r0",
        "Type": "apk",
        "Location": "/.PKGINFO",
        "PURL": "pkg:apk/wolfi/openjdk-10-jre@10.0.2-r0?arch=x86_64\u0026origin=openjdk-10"
      },
      "Vulnerability": {
        "ID": "CVE-2023-21930",
        "Severity": "High",
        "Aliases": null,
        "FixedVersion": ""
      }
    },
    {
      "Package": {
        "ID": "285ea06abc1745e4",
        "Name": "openjdk-10-jre",
        "Version": "10.0.2-r0",
        "Type": "apk",
        "Location": "/.PKGINFO",
        "PURL": "pkg:apk/wolfi/openjdk-10-jre@10.0.2-r0?arch=x86_64\u0026origin=openjdk-10"
      },
      "Vulnerability": {
        "ID": "CVE-2023-21937",
        "Severity": "Low",
        "Aliases": null,
        "FixedVersion": ""
      }
    },
    {
      "Package": {
        "ID": "285ea06abc1745e4",
        "Name": "openjdk-10-jre",
        "Version": "10.0.2-r0",
        "Type": "apk",
        "Location": "/.PKGINFO",
        "PURL": "pkg:apk/wolfi/openjdk-10-jre@10.0.2-r0?arch=x86_64\u0026origin=openjdk-10"
      },
      "Vulnerability": {
        "ID": "CVE-2023-21938",
        "Severity": "Low",
        "Aliases": null,
        "FixedVersion": ""
      }
    },
    {
      "Package": {
        "ID": "285ea06abc1745e4",
        "Name": "openjdk-10-jre",
        "Version": "10.0.2-r0",
        "Type": "apk",
        "Location": "/.PKGINFO",
        "PURL": "pkg:apk/wolfi/openjdk-10-jre@10.0.2-r0?arch=x86_64\u0026origin=openjdk-10"
      },
      "Vulnerability": {
        "ID": "CVE-2023-21939",
        "Severity": "Medium",
        "Aliases": null,
        "FixedVersion": ""
      }
    },
    {
      "Package": {
        "ID": "285ea06abc1745e4",
        "Name": "openjdk-10-jre",
        "Version": "10.0.2-r0",
        "Type": "apk",
        "Location": "/.PKGINFO",
        "PURL": "pkg:apk/wolfi/openjdk-10-jre@10.0.2-r0?arch=x86_64\u0026origin=openjdk-10"
      },
      "Vulnerability": {
        "ID": "CVE-2023-21954",
        "Severity": "Medium",
        "Aliases": null,
        "FixedVersion": ""
      }
    },
    {
      "Package": {
        "ID": "285ea06abc1745e4",
        "Name": "openjdk-10-jre",
        "Version": "10.0.2-r0",
        "Type": "apk",
        "Location": "/.PKGINFO",
        "PURL": "pkg:apk/wolfi/openjdk-10-jre@10.0.2-r0?arch=x86_64\u0026origin=openjdk-10"
      },
      "Vulnerability": {
        "ID": "CVE-2023-21967",
        "Severity": "Medium",
        "Aliases": null,
        "FixedVersion": ""
      }
    },
    {
      "Package": {
        "ID": "285ea06abc1745e4",
        "Name": "openjdk-10-jre",
        "Version": "10.0.2-r0",
        "Type": "apk",
        "Location": "/.PKGINFO",
        "PURL": "pkg:apk/wolfi/openjdk-10-jre@10.0.2-r0?arch=x86_64\u0026origin=openjdk-10"
      },
      "Vulnerability": {
        "ID": "CVE-2023-21968",
        "Severity": "Low",
        "Aliases": null,
        "FixedVersion": ""
      }
    },
    {
      "Package": {
        "ID": "285ea06abc1745e4",
        "Name": "openjdk-10-jre",
        "Version": "10.0.2-r0",
        "Type": "apk",
        "Location": "/.PKGINFO",
        "PURL": "pkg:apk/wolfi/openjdk-10-jre@10.0.2-r0?arch=x86_64\u0026origin=openjdk-10"
      },
      "Vulnerability": {
        "ID": "CVE-2023-22006",
        "Severity": "Low",
        "Aliases": null,
        "FixedVersion": ""
      }
    },
    {
      "Package": {
        "ID": "285ea06abc1745e4",
        "Name": "openjdk-10-jre",
        "Version": "10.0.2-r0",
        "Type": "apk",
        "Location": "/.PKGINFO",
        "PURL": "pkg:apk/wolfi/openjdk-10-jre@10.0.2-r0?arch=x86_64\u0026origin=openjdk-10"
      },
      "Vulnerability": {
        "ID": "CVE-2023-22036",
        "Severity": "Low",
        "Aliases": null,
        "FixedVersion": ""
      }
    },
    {
      "Package": {
        "ID": "285ea06abc1745e4",
        "Name": "openjdk-10-jre",
        "Version": "10.0.2-r0",
        "Type": "apk",
        "Location": "/.PKGINFO",
        "PURL": "pkg:apk/wolfi/openjdk-10-jre@10.0.2-r0?arch=x86_64\u0026origin=openjdk-10"
      },
      "Vulnerability": {
        "ID": "CVE-2023-22041",
        "Severity": "Medium",
        "Aliases": null,
        "FixedVersion": ""
      }
    },
    {
      "Package": {
        "ID": "285ea06abc1745e4",
        "Name": "openjdk-10-jre",
        "Version": "10.0.2-r0",
        "Type": "apk",
        "Location": "/.PKGINFO",
        "PURL": "pkg:apk/wolfi/openjdk-10-jre@10.0.2-r0?arch=x86_64\u0026origin=openjdk-10"
      },
      "Vulnerability": {
        "ID": "CVE-2023-22045",
        "Severity": "Low",
        "Aliases": null,
        "FixedVersion": ""
      }
    },
    {
      "Package": {
        "ID": "285ea06abc1745e4",
        "Name": "openjdk-10-jre",
        "Version": "10.0.2-r0",
        "Type": "apk",
        "Location": "/.PKGINFO",
        "PURL": "pkg:apk/wolfi/openjdk-10-jre@10.0.2-r0?arch=x86_64\u0026origin=openjdk-10"
      },
      "Vulnerability": {
        "ID": "CVE-2023-22049",
        "Severity": "Low",
        "Aliases": null,
        "FixedVersion": ""
      }
    },
    {
      "Package": {
        "ID": "285ea06abc1745e4",
        "Name": "openjdk-10-jre",
        "Version": "10.0.2-r0",
        "Type": "apk",
        "Location": "/.PKGINFO",
        "PURL": "pkg:apk/wolfi/openjdk-10-jre@10.0.2-r0?arch=x86_64\u0026origin=openjdk-10"
      },
      "Vulnerability": {
        "ID": "CVE-2023-22081",
        "Severity": "Medium",
        "Aliases": null,
        "FixedVersion": ""
      }
    },
    {
      "Package": {
        "ID": "285ea06abc1745e4",
        "Name": "openjdk-10-jre",
        "Version": "10.0.2-r0",
        "Type": "apk",
        "Location": "/.PKGINFO",
        "PURL": "pkg:apk/wolfi/openjdk-10-jre@10.0.2-r0?arch=x86_64\u0026origin=openjdk-10"
      },
      "Vulnerability": {
        "ID": "CVE-2023-25193",
        "Severity": "High",
        "Aliases": null,
        "FixedVersion": ""
      }
    },
    {
      "Package": {
        "ID": "285ea06abc1745e4",
        "Name": "openjdk-10-jre",
        "Version": "10.0.2-r0",
        "Type": "apk",
        "Location": "/.PKGINFO",
        "PURL": "pkg:apk/wolfi/openjdk-10-jre@10.0.2-r0?arch=x86_64\u0026origin=openjdk-10"
      },
      "Vulnerability": {
        "ID": "CVE-2024-20918",
        "Severity": "High",
        "Aliases": null,
        "FixedVersion": ""
      }
    },
    {
      "Package": {
        "ID": "285ea06abc1745e4",
        "Name": "openjdk-10-jre",
        "Version": "10.0.2-r0",
        "Type": "apk",
        "Location": "/.PKGINFO",
        "PURL": "pkg:apk/wolfi/openjdk-10-jre@10.0.2-r0?arch=x86_64\u0026origin=openjdk-10"
      },
      "Vulnerability": {
        "ID": "CVE-2024-20919",
        "Severity": "Medium",
        "Aliases": null,
        "FixedVersion": ""
      }
    },
    {
      "Package": {
        "ID": "285ea06abc1745e4",
        "Name": "openjdk-10-jre",
        "Version": "10.0.2-r0",
        "Type": "apk",
        "Location": "/.PKGINFO",
        "PURL": "pkg:apk/wolfi/openjdk-10-jre@10.0.2-r0?arch=x86_64\u0026origin=openjdk-10"
      },
      "Vulnerability": {
        "ID": "CVE-2024-20921",
        "Severity": "Medium",
        "Aliases": null,
        "FixedVersion": ""
      }
    },
    {
      "Package": {
        "ID": "285ea06abc1745e4",
        "Name": "openjdk-10-jre",
        "Version": "10.0.2-r0",
        "Type": "apk",
        "Location": "/.PKGINFO",
        "PURL": "pkg:apk/wolfi/openjdk-10-jre@10.0.2-r0?arch=x86_64\u0026origin=openjdk-10"
      },
      "Vulnerability": {
        "ID": "CVE-2024-20926",
        "Severity": "Medium",
        "Aliases": null,
        "FixedVersion": ""
      }
    },
    {
      "Package": {
        "ID": "285ea06abc1745e4",
        "Name": "openjdk-10-jre",
        "Version": "10.0.2-r0",
        "Type": "apk",
        "Location": "/.PKGINFO",
        "PURL": "pkg:apk/wolfi/openjdk-10-jre@10.0.2-r0?arch=x86_64\u0026origin=openjdk-10"
      },
      "Vulnerability": {
        "ID": "CVE-2024-20945",
        "Severity": "Medium",
        "Aliases": null,
        "FixedVersion": ""
      }
    },
    {
      "Package": {
        "ID": "285ea06abc1745e4",
        "Name": "openjdk-10-jre",
        "Version": "10.0.2-r0",
        "Type": "apk",
        "Location": "/.PKGINFO",
        "PURL": "pkg:apk/wolfi/openjdk-10-jre@10.0.2-r0?arch=x86_64\u0026origin=openjdk-10"
      },
      "Vulnerability": {
        "ID": "CVE-2024-20952",
        "Severity": "High",
        "Aliases": null,
        "FixedVersion": ""
      }
    },
    {
      "Package": {
        "ID": "285ea06abc1745e4",
        "Name": "openjdk-10-jre",
        "Version": "10.0.2-r0",
        "Type": "apk",
        "Location": "/.PKGINFO",
        "PURL": "pkg:apk/wolfi/openjdk-10-jre@10.0.2-r0?arch=x86_64\u0026origin=openjdk-10"
      },
      "Vulnerability": {
        "ID": "CVE-2024-21011",
        "Severity": "Low",
        "Aliases": null,
        "FixedVersion": ""
      }
    },
    {
      "Package": {
        "ID": "285ea06abc1745e4",
        "Name": "openjdk-10-jre",
        "Version": "10.0.2-r0",
        "Type": "apk",
        "Location": "/.PKGINFO",
        "PURL": "pkg:apk/wolfi/openjdk-10-jre@10.0.2-r0?arch=x86_64\u0026origin=openjdk-10"
      },
      "Vulnerability": {
        "ID": "CVE-2024-21012",
        "Severity": "Low",
        "Aliases": null,
        "FixedVersion": ""
      }
    },
    {
      "Package": {
        "ID": "285ea06abc1745e4",
        "Name": "openjdk-10-jre",
        "Version": "10.0.2-r0",
        "Type": "apk",
        "Location": "/.PKGINFO",
        "PURL": "pkg:apk/wolfi/openjdk-10-jre@10.0.2-r0?arch=x86_64\u0026origin=openjdk-10"
      },
      "Vulnerability": {
        "ID": "CVE-2024-21068",
        "Severity": "Low",
        "Aliases": null,
        "FixedVersion": ""
      }
    },
    {
      "Package": {
        "ID": "285ea06abc1745e4",
        "Name": "openjdk-10-jre",
        "Version": "10.0.2-r0",
        "Type": "apk",
        "Location": "/.PKGINFO",
        "PURL": "pkg:apk/wolfi/openjdk-10-jre@10.0.2-r0?arch=x86_64\u0026origin=openjdk-10"
      },
      "Vulnerability": {
        "ID": "CVE-2024-21085",
        "Severity": "Low",
        "Aliases": null,
        "FixedVersion": ""
      }
    },
    {
      "Package": {
        "ID": "285ea06abc1745e4",
        "Name": "openjdk-10-jre",
        "Version": "10.0.2-r0",
        "Type": "apk",
        "Location": "/.PKGINFO",
        "PURL": "pkg:apk/wolfi/openjdk-10-jre@10.0.2-r0?arch=x86_64\u0026origin=openjdk-10"
      },
      "Vulnerability": {
        "ID": "CVE-2024-21094",
        "Severity": "Low",
        "Aliases": null,
        "FixedVersion": ""
      }
    },
    {
      "Package": {
        "ID": "285ea06abc1745e4",
        "Name": "openjdk-10-jre",
        "Version": "10.0.2-r0",
        "Type": "apk",
        "Location": "/.PKGINFO",
        "PURL": "pkg:apk/wolfi/openjdk-10-jre@10.0.2-r0?arch=x86_64\u0026origin=openjdk-10"
      },
      "Vulnerability": {
        "ID": "CVE-2024-21131",
        "Severity": "Low",
        "Aliases": null,
        "FixedVersion": ""
      }
    },
    {
      "Package": {
        "ID": "285ea06abc1745e4",
        "Name": "openjdk-10-jre",
        "Version": "10.0.2-r0",
        "Type": "apk",
        "Location": "/.PKGINFO",
        "PURL": "pkg:apk/wolfi/openjdk-10-jre@10.0.2-r0?arch=x86_64\u0026origin=openjdk-10"
      },
      "Vulnerability": {
        "ID": "CVE-2024-21138",
        "Severity": "Low",
        "Aliases": null,
        "FixedVersion": ""
      }
    },
    {
      "Package": {
        "ID": "285ea06abc1745e4",
        "Name": "openjdk-10-jre",
        "Version": "10.0.2-r0",
        "Type": "apk",
        "Location": "/.PKGINFO",
        "PURL": "pkg:apk/wolfi/openjdk-10-jre@10.0.2-r0?arch=x86_64\u0026origin=openjdk-10"
      },
      "Vulnerability": {
        "ID": "CVE-2024-21140",
        "Severity": "Medium",
        "Aliases": null,
        "FixedVersion": ""
      }
    },
    {
      "Package": {
        "ID": "285ea06abc1745e4",
        "Name": "openjdk-10-jre",
        "Version": "10.0.2-r0",
        "Type": "apk",
        "Location": "/.PKGINFO",
        "PURL": "pkg:apk/wolfi/openjdk-10-jre@10.0.2-r0?arch=x86_64\u0026origin=openjdk-10"
      },
      "Vulnerability": {
        "ID": "CVE-2024-21144",
        "Severity": "Low",
        "Aliases": null,
        "FixedVersion": ""
      }
    },
    {
      "Package": {
        "ID": "285ea06abc1745e4",
        "Name": "openjdk-10-jre",
        "Version": "10.0.2-r0",
        "Type": "apk",
        "Location": "/.PKGINFO",
        "PURL": "pkg:apk/wolfi/openjdk-10-jre@10.0.2-r0?arch=x86_64\u0026origin=openjdk-10"
      },
      "Vulnerability": {
        "ID": "CVE-2024-21145",
        "Severity": "Medium",
        "Aliases": null,
        "FixedVersion": ""
      }
    },
    {
      "Package": {
        "ID": "285ea06abc1745e4",
        "Name": "openjdk-10-jre",
        "Version": "10.0.2-r0",
        "Type": "apk",
        "Location": "/.PKGINFO",
        "PURL": "pkg:apk/wolfi/openjdk-10-jre@10.0.2-r0?arch=x86_64\u0026origin=openjdk-10"
      },
      "Vulnerability": {
        "ID": "CVE-2024-21147",
        "Severity": "High",
        "Aliases": null,
        "FixedVersion": ""
      }
    },
    {
      "Package": {
        "ID": "285ea06abc1745e4",
        "Name": "openjdk-10-jre",
        "Version": "10.0.2-r0",
        "Type": "apk",
        "Location": "/.PKGINFO",
        "PURL": "pkg:apk/wolfi/openjdk-10-jre@10.0.2-r0?arch=x86_64\u0026origin=openjdk-10"
      },
      "Vulnerability": {
        "ID": "CVE-2024-21208",
        "Severity": "Low",
        "Aliases": null,
        "FixedVersion": ""
      }
    },
    {
      "Package": {
        "ID": "285ea06abc1745e4",
        "Name": "openjdk-10-jre",
        "Version": "10.0.2-r0",
        "Type": "apk",
        "Location": "/.PKGINFO",
        "PURL": "pkg:apk/wolfi/openjdk-10-jre@10.0.2-r0?arch=x86_64\u0026origin=openjdk-10"
      },
      "Vulnerability": {
        "ID": "CVE-2024-21210",
        "Severity": "Low",
        "Aliases": null,
        "FixedVersion": ""
      }
    },
    {
      "Package": {
        "ID": "285ea06abc1745e4",
        "Name": "openjdk-10-jre",
        "Version": "10.0.2-r0",
        "Type": "apk",
        "Location": "/.PKGINFO",
        "PURL": "pkg:apk/wolfi/openjdk-10-jre@10.0.2-r0?arch=x86_64\u0026origin=openjdk-10"
      },
      "Vulnerability": {
        "ID": "CVE-2024-21217",
        "Severity": "Low",
        "Aliases": null,
        "FixedVersion": ""
      }
    },
    {
      "Package": {
        "ID": "285ea06abc1745e4",
        "Name": "openjdk-10-jre",
        "Version": "10.0.2-r0",
        "Type": "apk",
        "Location": "/.PKGINFO",
        "PURL": "pkg:apk/wolfi/openjdk-10-jre@10.0.2-r0?arch=x86_64\u0026origin=openjdk-10"
      },
      "Vulnerability": {
        "ID": "CVE-2024-21235",
        "Severity": "Medium",
        "Aliases": null,
        "FixedVersion": ""
      }
    },
    {
      "Package": {
        "ID": "285ea06abc1745e4",
        "Name": "openjdk-10-jre",
        "Version": "10.0.2-r0",
        "Type": "apk",
        "Location": "/.PKGINFO",
        "PURL": "pkg:apk/wolfi/openjdk-10-jre@10.0.2-r0?arch=x86_64\u0026origin=openjdk-10"
      },
      "Vulnerability": {
        "ID": "CVE-2025-21502",
        "Severity": "Medium",
        "Aliases": null,
        "FixedVersion": ""
      }
    }
  ],
  "DataSource": {
    "Kind": "grype-db",
    "Schema": "v6.0.2",
    "Integrity": "imported_db_archive_checksum=sha256:cb212d2776d099cb8635d5d238fcb3894ea81c0285b27911585c7556fbcb412f",
    "Date": "2025-03-06T04:06:38Z"
  }
}
